// Jest Snapshot v1, https://goo.gl/fbAQLP

exports[`Options cache {Boolean} - \`false\` (Default) 1`] = `
"module.exports = function(originalModule) {
	if (!originalModule.webpackPolyfill) {
		var module = Object.create(originalModule);
		// module.parent = undefined by default
		if (!module.children) module.children = [];
		Object.defineProperty(module, \\"loaded\\", {
			enumerable: true,
			get: function() {
				return module.l;
			}
		});
		Object.defineProperty(module, \\"id\\", {
			enumerable: true,
			get: function() {
				return module.i;
			}
		});
		Object.defineProperty(module, \\"exports\\", {
			enumerable: true
		});
		module.webpackPolyfill = 1;
	}
	return module;
};
"
`;

exports[`Options cache {Boolean} - \`true\` 1`] = `
"module.exports = function(originalModule) {
	if (!originalModule.webpackPolyfill) {
		var module = Object.create(originalModule);
		// module.parent = undefined by default
		if (!module.children) module.children = [];
		Object.defineProperty(module, \\"loaded\\", {
			enumerable: true,
			get: function() {
				return module.l;
			}
		});
		Object.defineProperty(module, \\"id\\", {
			enumerable: true,
			get: function() {
				return module.i;
			}
		});
		Object.defineProperty(module, \\"exports\\", {
			enumerable: true
		});
		module.webpackPolyfill = 1;
	}
	return module;
};
"
`;
